// Jest Snapshot v1, https://goo.gl/fbAQLP

exports[`<Checkbox /> - Component renders correctly 1`] = `
<DocumentFragment>
  <input
    class="form-check-input"
    id="selectTc"
    name="power"
    type="checkbox"
  />
</DocumentFragment>
`;
