// Jest Snapshot v1, https://goo.gl/fbAQLP

exports[`<Checkbox /> - Component renders correctly 1`] = `
<DocumentFragment>
  <div
    class="row"
  >
    <nav
      class="navbar navbarSection"
    >
      <span
        class="navbar-brand mb-0 h1"
      >
        ApplianceManager
      </span>
    </nav>
  </div>
</DocumentFragment>
`;
